// Jest Snapshot v1, https://goo.gl/fbAQLP

exports[`renders correctly 1`] = `
<div
  className="App"
>
  <header
    className="App-header"
  >
    <h1>
       City Explorer 
    </h1>
    <p>
      Enter a location below to learn about the weather, events, restaurants, movies filmed there, and more!
    </p>
  </header>
  <main>
    <form
      id="search-form"
      onSubmit={[Function]}
    >
      <label
        htmlFor="search"
      >
         Search for a location 
      </label>
      <input
        id="input-search"
        name="city"
        onChange={[Function]}
        placeholder="Enter a location here"
        type="text"
      />
      <button
        type="submit"
      >
        Explore!
      </button>
    </form>
  </main>
</div>
`;

exports[`renders correctly in a snapshot test. 1`] = `
<div
  className="App"
>
  <header
    className="App-header"
  >
    <h1>
       City Explorer 
    </h1>
    <p>
      Enter a location below to learn about the weather, events, restaurants, movies filmed there, and more!
    </p>
  </header>
  <main>
    <form
      id="search-form"
      onSubmit={[Function]}
    >
      <label
        htmlFor="search"
      >
         Search for a location 
      </label>
      <input
        id="input-search"
        name="city"
        onChange={[Function]}
        placeholder="Enter a location here"
        type="text"
      />
      <button
        type="submit"
      >
        Explore!
      </button>
    </form>
  </main>
</div>
`;
